
> engineering-calculator@1.0.0 test
> node --experimental-vm-modules node_modules/jest/bin/jest.js __tests__/state.test.js

node.exe : (node:37264) ExperimentalWarning: VM Modules is an experimental feature and might change at any t
ime
위치 줄:1 문자:1
+ & "C:\Program Files\nodejs/node.exe" "C:\Program Files\nodejs/node_mo ...
+ ~~~~~~~~~~~~~~~~~~~~~~~~~~~~~~~~~~~~~~~~~~~~~~~~~~~~~~~~~~~~~~~~~~~~~
    + CategoryInfo          : NotSpecified: ((node:37264) Ex...nge at any time:String) [], RemoteExcepti    
on
    + FullyQualifiedErrorId : NativeCommandError
 
(Use `node --trace-warnings ...` to show where the warning was created)
FAIL __tests__/state.test.js
  횞 Calculator flow integration (1 ms)

  ??Calculator flow integration

    ReferenceError: jest is not defined

    [0m [90m 2 |[39m
     [90m 3 |[39m test([32m'Calculator flow integration'[39m[33m,[39m () [33m=>[39m {
    [31m[1m>[22m[39m[90m 4 |[39m     [36mconst[39m mockUpdateDisplay [33m=[39m jest[33m.[39mfn()
[33m;[39m
     [90m   |[39m                               [31m[1m^[22m[39m
     [90m 5 |[39m     [36mconst[39m calculator [33m=[39m [36mnew[39m [33mCalculator[39m(mockUpdate
Display)[33m;[39m
     [90m 6 |[39m
     [90m 7 |[39m     [90m// Append Check[39m[0m

      at Object.jest (__tests__/state.test.js:4:31)

Test Suites: 1 failed, 1 total
Tests:       1 failed, 1 total
Snapshots:   0 total
Time:        0.247 s, estimated 1 s
Ran all test suites matching /__tests__\\state.test.js/i.
